// Vitest Snapshot v1, https://vitest.dev/guide/snapshot.html

exports[`DoxenNumberField.vue > Renders correctly 1`] = `
<fieldset
  class=""
  data-applied-style-tokens="formFieldFieldset"
  data-style-tokens="formFieldFieldset"
  data-value="undefined"
>
  <!-- v-if -->
  <div
    class=""
    data-applied-style-tokens="formFieldNumberFieldContainer"
    data-style-tokens="formFieldNumberFieldContainer"
  >
    <input
      aria-invalid="false"
      aria-required="false"
      class=""
      data-applied-style-tokens="formFieldNumberField"
      data-style-tokens="formFieldNumberField formFieldNumberFieldError"
      data-value="undefined"
      id="VueDoxen_v-0"
      name="VueDoxen_v-0"
      type="number"
      value="''"
    />
  </div>
  <!-- v-if -->
  <!-- v-if -->
  <!-- v-if -->
  Slot text
</fieldset>
`;

exports[`DoxenNumberField.vue > Renders correctly with all props 1`] = `
<fieldset
  class="doxen-form-field-fieldset"
  data-applied-style-tokens="formFieldFieldset"
  data-style-tokens="formFieldFieldset"
  data-value="2"
>
  <legend
    class="
      doxen-form-field-legend
      doxen-form-field-legend-disabled
      doxen-form-field-legend-error
    "
    data-applied-style-tokens="formFieldLegend formFieldLegendDisabled formFieldLegendError"
    data-style-tokens="formFieldLegend formFieldLegendDisabled formFieldLegendError"
  >
    <label
      class="doxen-form-field-label"
      data-applied-style-tokens="formFieldLabel"
      data-style-tokens="formFieldLabel"
      for="VueDoxen_Label_v-0"
    >
      Label:
    </label>
    <span
      class="doxen-form-field-required"
      data-applied-style-tokens="formFieldRequired"
      data-style-tokens="formFieldRequired"
    >
      *
    </span>
  </legend>
  <div
    class="doxen-form-field-number-field-container"
    data-applied-style-tokens="formFieldNumberFieldContainer"
    data-style-tokens="formFieldNumberFieldContainer"
  >
    <input
      aria-invalid="true"
      aria-required="true"
      class="
        doxen-form-field-number-field
        doxen-form-field-number-field-error
      "
      data-applied-style-tokens="formFieldNumberField formFieldNumberFieldError"
      data-style-tokens="formFieldNumberField formFieldNumberFieldError"
      data-value="2"
      disabled="true"
      id="VueDoxen_Label_v-0"
      name="VueDoxen_Label_v-0"
      required="true"
      type="number"
      value="2"
    />
  </div>
  <p
    class="doxen-form-field-message"
    data-applied-style-tokens="formFieldMessage"
    data-style-tokens="formFieldMessage"
  >
    Message
  </p>
  <p
    class="doxen-form-field-error"
    data-applied-style-tokens="formFieldError"
    data-style-tokens="formFieldError"
  >
    Error
  </p>
  <!-- v-if -->
  Slot text
</fieldset>
`;
